{
    "reads valides \u2192 HTML et stats produits": {
        "content": [
            [
                [
                    {
                        "id": "sample1",
                        "single_end": true
                    },
                    "sample1_fastqc_stats.txt:md5,abe4e5e1a017190e2322465427b03315"
                ]
            ]
        ],
        "timestamp": "2026-04-24T16:46:09.315571353",
        "meta": {
            "nf-test": "0.9.5",
            "nextflow": "25.10.4"
        }
    }
}