{
    "pipeline complet \u2192 HTML et reads trim\u00e9s produits": {
        "content": [
            [
                [
                    {
                        "id": "sample1",
                        "single_end": true
                    },
                    "sample1_fastqc_stats.txt:md5,abe4e5e1a017190e2322465427b03315"
                ]
            ],
            [
                [
                    {
                        "id": "sample1",
                        "single_end": true
                    },
                    "sample1_trim_report.txt:md5,8160df6b41d0a6ce023828196cabf49c"
                ]
            ]
        ],
        "timestamp": "2026-04-24T16:47:08.038216788",
        "meta": {
            "nf-test": "0.9.5",
            "nextflow": "25.10.4"
        }
    }
}